Renders a valid universal broker secret:
  1: |
    clientId: 8B338A3B-424A-497E-836E-5E0F9486605A
    clientSecret: 8B338A3B-424A-497E-836E-5E0F9486605A
    deploymentId: 8B338A3B-424A-497E-836E-5E0F9486605A
    mygithubtoken: 8B338A3B-424A-497E-836E-5E0F9486605A
